producer_class	xtools.gsea.Gsea
producer_timestamp	1613939954570
param	zip_report	false
param	num	100
param	scoring_scheme	weighted
param	norm	meandiv
param	out	/Users/danielwang/gsea_home/output/feb21
param	mode	Max_probe
param	include_only_symbols	true
param	set_max	500
param	gmx	ftp.broadinstitute.org://pub/gsea/gene_sets/c2.all.v7.2.symbols.gmt,ftp.broadinstitute.org://pub/gsea/gene_sets/c6.all.v7.2.symbols.gmt,ftp.broadinstitute.org://pub/gsea/gene_sets/c7.all.v7.2.symbols.gmt
param	plot_top_x	20
param	nperm	1000
param	order	descending
param	rpt_label	antiPD1_response_analysis
param	rnd_seed	timestamp
param	set_min	15
param	res	/Users/danielwang/Documents/immunotherapy-gene-profiling/Gene Set Enrichment Analysis/DGE_counts_formatted.txt
param	chip	ftp.broadinstitute.org://pub/gsea/annotations_versioned/Human_Gene_Symbol_with_Remapping_MSigDB.v7.2.chip
param	create_svgs	false
param	cls	/Users/danielwang/Documents/immunotherapy-gene-profiling/Gene Set Enrichment Analysis/sample_info.cls.txt#nonresponse_versus_response
param	sort	real
param	create_gcts	false
param	help	false
param	save_rnd_lists	false
param	median	false
param	metric	Signal2Noise
param	make_sets	true
param	rnd_type	no_balance
param	gui	false
param	permute	phenotype
param	collapse	Collapse

file	/Users/danielwang/gsea_home/output/feb21/antiPD1_response_analysis.Gsea.1613939954570/index.html
